Analysis & Synthesis report for Camara_mix
Sun Aug 01 18:37:23 2021
Quartus Prime Version 20.1.1 Build 720 11/11/2020 SJ Lite Edition


---------------------
; Table of Contents ;
---------------------
  1. Legal Notice
  2. Analysis & Synthesis Summary
  3. Analysis & Synthesis Settings
  4. Parallel Compilation
  5. Analysis & Synthesis Source Files Read
  6. Analysis & Synthesis Resource Usage Summary
  7. Analysis & Synthesis Resource Utilization by Entity
  8. Analysis & Synthesis RAM Summary
  9. State Machine - |main|arduinoUART:arUART|uart_tx:uart|r_SM_Main
 10. State Machine - |main|image_sender:im_send|state
 11. State Machine - |main|image_sender:im_send|uart_tx:image_sender|r_SM_Main
 12. State Machine - |main|color_finder:UU2|state
 13. State Machine - |main|pixel_catcher:UU1|state
 14. Registers Removed During Synthesis
 15. Removed Registers Triggering Further Register Optimizations
 16. General Register Statistics
 17. Inverted Register Statistics
 18. Registers Packed Into Inferred Megafunctions
 19. Multiplexer Restructuring Statistics (Restructuring Performed)
 20. Source assignments for buffer_ram_dp:RAM|altsyncram:ram_rtl_0|altsyncram_3jm1:auto_generated
 21. Parameter Settings for User Entity Instance: pclk_driver:driver
 22. Parameter Settings for User Entity Instance: pixel_catcher:UU1
 23. Parameter Settings for User Entity Instance: color_finder:UU2
 24. Parameter Settings for User Entity Instance: buffer_ram_dp:RAM
 25. Parameter Settings for User Entity Instance: image_sender:im_send
 26. Parameter Settings for User Entity Instance: image_sender:im_send|uart_tx:image_sender
 27. Parameter Settings for User Entity Instance: arduinoUART:arUART|uart_tx:uart
 28. Parameter Settings for Inferred Entity Instance: buffer_ram_dp:RAM|altsyncram:ram_rtl_0
 29. altsyncram Parameter Settings by Entity Instance
 30. Port Connectivity Checks: "arduinoUART:arUART|uart_tx:uart"
 31. Port Connectivity Checks: "image_sender:im_send|uart_tx:image_sender"
 32. Post-Synthesis Netlist Statistics for Top Partition
 33. Elapsed Time Per Partition
 34. Analysis & Synthesis Messages
 35. Analysis & Synthesis Suppressed Messages



----------------
; Legal Notice ;
----------------
Copyright (C) 2020  Intel Corporation. All rights reserved.
Your use of Intel Corporation's design tools, logic functions 
and other software and tools, and any partner logic 
functions, and any output files from any of the foregoing 
(including device programming or simulation files), and any 
associated documentation or information are expressly subject 
to the terms and conditions of the Intel Program License 
Subscription Agreement, the Intel Quartus Prime License Agreement,
the Intel FPGA IP License Agreement, or other applicable license
agreement, including, without limitation, that your use is for
the sole purpose of programming logic devices manufactured by
Intel and sold by Intel or its authorized distributors.  Please
refer to the applicable agreement for further details, at
https://fpgasoftware.intel.com/eula.



+----------------------------------------------------------------------------------+
; Analysis & Synthesis Summary                                                     ;
+------------------------------------+---------------------------------------------+
; Analysis & Synthesis Status        ; Successful - Sun Aug 01 18:37:23 2021       ;
; Quartus Prime Version              ; 20.1.1 Build 720 11/11/2020 SJ Lite Edition ;
; Revision Name                      ; Camara_mix                                  ;
; Top-level Entity Name              ; main                                        ;
; Family                             ; Cyclone IV E                                ;
; Total logic elements               ; 1,259                                       ;
;     Total combinational functions  ; 1,256                                       ;
;     Dedicated logic registers      ; 250                                         ;
; Total registers                    ; 250                                         ;
; Total pins                         ; 20                                          ;
; Total virtual pins                 ; 0                                           ;
; Total memory bits                  ; 24,576                                      ;
; Embedded Multiplier 9-bit elements ; 0                                           ;
; Total PLLs                         ; 0                                           ;
+------------------------------------+---------------------------------------------+


+------------------------------------------------------------------------------------------------------------+
; Analysis & Synthesis Settings                                                                              ;
+------------------------------------------------------------------+--------------------+--------------------+
; Option                                                           ; Setting            ; Default Value      ;
+------------------------------------------------------------------+--------------------+--------------------+
; Device                                                           ; EP4CE6E22C8        ;                    ;
; Top-level entity name                                            ; main               ; Camara_mix         ;
; Family name                                                      ; Cyclone IV E       ; Cyclone V          ;
; Use smart compilation                                            ; Off                ; Off                ;
; Enable parallel Assembler and Timing Analyzer during compilation ; On                 ; On                 ;
; Enable compact report table                                      ; Off                ; Off                ;
; Restructure Multiplexers                                         ; Auto               ; Auto               ;
; Create Debugging Nodes for IP Cores                              ; Off                ; Off                ;
; Preserve fewer node names                                        ; On                 ; On                 ;
; Intel FPGA IP Evaluation Mode                                    ; Enable             ; Enable             ;
; Verilog Version                                                  ; Verilog_2001       ; Verilog_2001       ;
; VHDL Version                                                     ; VHDL_1993          ; VHDL_1993          ;
; State Machine Processing                                         ; Auto               ; Auto               ;
; Safe State Machine                                               ; Off                ; Off                ;
; Extract Verilog State Machines                                   ; On                 ; On                 ;
; Extract VHDL State Machines                                      ; On                 ; On                 ;
; Ignore Verilog initial constructs                                ; Off                ; Off                ;
; Iteration limit for constant Verilog loops                       ; 5000               ; 5000               ;
; Iteration limit for non-constant Verilog loops                   ; 250                ; 250                ;
; Add Pass-Through Logic to Inferred RAMs                          ; On                 ; On                 ;
; Infer RAMs from Raw Logic                                        ; On                 ; On                 ;
; Parallel Synthesis                                               ; On                 ; On                 ;
; DSP Block Balancing                                              ; Auto               ; Auto               ;
; NOT Gate Push-Back                                               ; On                 ; On                 ;
; Power-Up Don't Care                                              ; On                 ; On                 ;
; Remove Redundant Logic Cells                                     ; Off                ; Off                ;
; Remove Duplicate Registers                                       ; On                 ; On                 ;
; Ignore CARRY Buffers                                             ; Off                ; Off                ;
; Ignore CASCADE Buffers                                           ; Off                ; Off                ;
; Ignore GLOBAL Buffers                                            ; Off                ; Off                ;
; Ignore ROW GLOBAL Buffers                                        ; Off                ; Off                ;
; Ignore LCELL Buffers                                             ; Off                ; Off                ;
; Ignore SOFT Buffers                                              ; On                 ; On                 ;
; Limit AHDL Integers to 32 Bits                                   ; Off                ; Off                ;
; Optimization Technique                                           ; Balanced           ; Balanced           ;
; Carry Chain Length                                               ; 70                 ; 70                 ;
; Auto Carry Chains                                                ; On                 ; On                 ;
; Auto Open-Drain Pins                                             ; On                 ; On                 ;
; Perform WYSIWYG Primitive Resynthesis                            ; Off                ; Off                ;
; Auto ROM Replacement                                             ; On                 ; On                 ;
; Auto RAM Replacement                                             ; On                 ; On                 ;
; Auto DSP Block Replacement                                       ; On                 ; On                 ;
; Auto Shift Register Replacement                                  ; Auto               ; Auto               ;
; Allow Shift Register Merging across Hierarchies                  ; Auto               ; Auto               ;
; Auto Clock Enable Replacement                                    ; On                 ; On                 ;
; Strict RAM Replacement                                           ; Off                ; Off                ;
; Allow Synchronous Control Signals                                ; On                 ; On                 ;
; Force Use of Synchronous Clear Signals                           ; Off                ; Off                ;
; Auto RAM Block Balancing                                         ; On                 ; On                 ;
; Auto RAM to Logic Cell Conversion                                ; Off                ; Off                ;
; Auto Resource Sharing                                            ; Off                ; Off                ;
; Allow Any RAM Size For Recognition                               ; Off                ; Off                ;
; Allow Any ROM Size For Recognition                               ; Off                ; Off                ;
; Allow Any Shift Register Size For Recognition                    ; Off                ; Off                ;
; Use LogicLock Constraints during Resource Balancing              ; On                 ; On                 ;
; Ignore translate_off and synthesis_off directives                ; Off                ; Off                ;
; Timing-Driven Synthesis                                          ; On                 ; On                 ;
; Report Parameter Settings                                        ; On                 ; On                 ;
; Report Source Assignments                                        ; On                 ; On                 ;
; Report Connectivity Checks                                       ; On                 ; On                 ;
; Ignore Maximum Fan-Out Assignments                               ; Off                ; Off                ;
; Synchronization Register Chain Length                            ; 2                  ; 2                  ;
; Power Optimization During Synthesis                              ; Normal compilation ; Normal compilation ;
; HDL message level                                                ; Level2             ; Level2             ;
; Suppress Register Optimization Related Messages                  ; Off                ; Off                ;
; Number of Removed Registers Reported in Synthesis Report         ; 5000               ; 5000               ;
; Number of Swept Nodes Reported in Synthesis Report               ; 5000               ; 5000               ;
; Number of Inverted Registers Reported in Synthesis Report        ; 100                ; 100                ;
; Clock MUX Protection                                             ; On                 ; On                 ;
; Auto Gated Clock Conversion                                      ; Off                ; Off                ;
; Block Design Naming                                              ; Auto               ; Auto               ;
; SDC constraint protection                                        ; Off                ; Off                ;
; Synthesis Effort                                                 ; Auto               ; Auto               ;
; Shift Register Replacement - Allow Asynchronous Clear Signal     ; On                 ; On                 ;
; Pre-Mapping Resynthesis Optimization                             ; Off                ; Off                ;
; Analysis & Synthesis Message Level                               ; Medium             ; Medium             ;
; Disable Register Merging Across Hierarchies                      ; Auto               ; Auto               ;
; Resource Aware Inference For Block RAM                           ; On                 ; On                 ;
+------------------------------------------------------------------+--------------------+--------------------+


+------------------------------------------+
; Parallel Compilation                     ;
+----------------------------+-------------+
; Processors                 ; Number      ;
+----------------------------+-------------+
; Number detected on machine ; 4           ;
; Maximum allowed            ; 2           ;
;                            ;             ;
; Average used               ; 1.00        ;
; Maximum used               ; 2           ;
;                            ;             ;
; Usage by Processor         ; % Time Used ;
;     Processor 1            ; 100.0%      ;
;     Processor 2            ;   0.0%      ;
+----------------------------+-------------+


+-----------------------------------------------------------------------------------------------------------------------------------------------------------------------------------------------------------------------------------------------------------------+
; Analysis & Synthesis Source Files Read                                                                                                                                                                                                                          ;
+---------------------------------------------------+-----------------+-------------------------------------------------------+-------------------------------------------------------------------------------------------------------------------------+---------+
; File Name with User-Entered Path                  ; Used in Netlist ; File Type                                             ; File Name with Absolute Path                                                                                            ; Library ;
+---------------------------------------------------+-----------------+-------------------------------------------------------+-------------------------------------------------------------------------------------------------------------------------+---------+
; uart_tx.v                                         ; yes             ; User Verilog HDL File                                 ; C:/Users/LAURA/Documents/7mo sem/Digital II/Proyecto final/Camara_mix/uart_tx.v                                         ;         ;
; pixel_catcher.v                                   ; yes             ; User Verilog HDL File                                 ; C:/Users/LAURA/Documents/7mo sem/Digital II/Proyecto final/Camara_mix/pixel_catcher.v                                   ;         ;
; pclk_driver.v                                     ; yes             ; User Verilog HDL File                                 ; C:/Users/LAURA/Documents/7mo sem/Digital II/Proyecto final/Camara_mix/pclk_driver.v                                     ;         ;
; main.v                                            ; yes             ; User Verilog HDL File                                 ; C:/Users/LAURA/Documents/7mo sem/Digital II/Proyecto final/Camara_mix/main.v                                            ;         ;
; color_finder.v                                    ; yes             ; User Verilog HDL File                                 ; C:/Users/LAURA/Documents/7mo sem/Digital II/Proyecto final/Camara_mix/color_finder.v                                    ;         ;
; buffer_ram_dp.v                                   ; yes             ; User Verilog HDL File                                 ; C:/Users/LAURA/Documents/7mo sem/Digital II/Proyecto final/Camara_mix/buffer_ram_dp.v                                   ;         ;
; arduinoUART.v                                     ; yes             ; User Verilog HDL File                                 ; C:/Users/LAURA/Documents/7mo sem/Digital II/Proyecto final/Camara_mix/arduinoUART.v                                     ;         ;
; image_sender.v                                    ; yes             ; User Verilog HDL File                                 ; C:/Users/LAURA/Documents/7mo sem/Digital II/Proyecto final/Camara_mix/image_sender.v                                    ;         ;
; altsyncram.tdf                                    ; yes             ; Megafunction                                          ; c:/intelfpga_lite/20.1/quartus/libraries/megafunctions/altsyncram.tdf                                                   ;         ;
; stratix_ram_block.inc                             ; yes             ; Megafunction                                          ; c:/intelfpga_lite/20.1/quartus/libraries/megafunctions/stratix_ram_block.inc                                            ;         ;
; lpm_mux.inc                                       ; yes             ; Megafunction                                          ; c:/intelfpga_lite/20.1/quartus/libraries/megafunctions/lpm_mux.inc                                                      ;         ;
; lpm_decode.inc                                    ; yes             ; Megafunction                                          ; c:/intelfpga_lite/20.1/quartus/libraries/megafunctions/lpm_decode.inc                                                   ;         ;
; aglobal201.inc                                    ; yes             ; Megafunction                                          ; c:/intelfpga_lite/20.1/quartus/libraries/megafunctions/aglobal201.inc                                                   ;         ;
; a_rdenreg.inc                                     ; yes             ; Megafunction                                          ; c:/intelfpga_lite/20.1/quartus/libraries/megafunctions/a_rdenreg.inc                                                    ;         ;
; altrom.inc                                        ; yes             ; Megafunction                                          ; c:/intelfpga_lite/20.1/quartus/libraries/megafunctions/altrom.inc                                                       ;         ;
; altram.inc                                        ; yes             ; Megafunction                                          ; c:/intelfpga_lite/20.1/quartus/libraries/megafunctions/altram.inc                                                       ;         ;
; altdpram.inc                                      ; yes             ; Megafunction                                          ; c:/intelfpga_lite/20.1/quartus/libraries/megafunctions/altdpram.inc                                                     ;         ;
; db/altsyncram_3jm1.tdf                            ; yes             ; Auto-Generated Megafunction                           ; C:/Users/LAURA/Documents/7mo sem/Digital II/Proyecto final/Camara_mix/db/altsyncram_3jm1.tdf                            ;         ;
; db/camara_mix.ram0_buffer_ram_dp_2b4b4f06.hdl.mif ; yes             ; Auto-Generated Auto-Found Memory Initialization File  ; C:/Users/LAURA/Documents/7mo sem/Digital II/Proyecto final/Camara_mix/db/camara_mix.ram0_buffer_ram_dp_2b4b4f06.hdl.mif ;         ;
+---------------------------------------------------+-----------------+-------------------------------------------------------+-------------------------------------------------------------------------------------------------------------------------+---------+


+---------------------------------------------------------+
; Analysis & Synthesis Resource Usage Summary             ;
+---------------------------------------------+-----------+
; Resource                                    ; Usage     ;
+---------------------------------------------+-----------+
; Estimated Total logic elements              ; 1,259     ;
;                                             ;           ;
; Total combinational functions               ; 1256      ;
; Logic element usage by number of LUT inputs ;           ;
;     -- 4 input functions                    ; 286       ;
;     -- 3 input functions                    ; 721       ;
;     -- <=2 input functions                  ; 249       ;
;                                             ;           ;
; Logic elements by mode                      ;           ;
;     -- normal mode                          ; 414       ;
;     -- arithmetic mode                      ; 842       ;
;                                             ;           ;
; Total registers                             ; 250       ;
;     -- Dedicated logic registers            ; 250       ;
;     -- I/O registers                        ; 0         ;
;                                             ;           ;
; I/O pins                                    ; 20        ;
; Total memory bits                           ; 24576     ;
;                                             ;           ;
; Embedded Multiplier 9-bit elements          ; 0         ;
;                                             ;           ;
; Maximum fan-out node                        ; clk~input ;
; Maximum fan-out                             ; 227       ;
; Total fan-out                               ; 4667      ;
; Average fan-out                             ; 3.01      ;
+---------------------------------------------+-----------+


+-------------------------------------------------------------------------------------------------------------------------------------------------------------------------------------------------------------------------------------------------------------------------------------+
; Analysis & Synthesis Resource Utilization by Entity                                                                                                                                                                                                                                 ;
+-------------------------------------------+---------------------+---------------------------+-------------+--------------+---------+-----------+------+--------------+-----------------------------------------------------------------------------+-----------------+--------------+
; Compilation Hierarchy Node                ; Combinational ALUTs ; Dedicated Logic Registers ; Memory Bits ; DSP Elements ; DSP 9x9 ; DSP 18x18 ; Pins ; Virtual Pins ; Full Hierarchy Name                                                         ; Entity Name     ; Library Name ;
+-------------------------------------------+---------------------+---------------------------+-------------+--------------+---------+-----------+------+--------------+-----------------------------------------------------------------------------+-----------------+--------------+
; |main                                     ; 1256 (1)            ; 250 (1)                   ; 24576       ; 0            ; 0       ; 0         ; 20   ; 0            ; |main                                                                       ; main            ; work         ;
;    |arduinoUART:arUART|                   ; 46 (4)              ; 33 (6)                    ; 0           ; 0            ; 0       ; 0         ; 0    ; 0            ; |main|arduinoUART:arUART                                                    ; arduinoUART     ; work         ;
;       |uart_tx:uart|                      ; 42 (42)             ; 27 (27)                   ; 0           ; 0            ; 0       ; 0         ; 0    ; 0            ; |main|arduinoUART:arUART|uart_tx:uart                                       ; uart_tx         ; work         ;
;    |buffer_ram_dp:RAM|                    ; 0 (0)               ; 0 (0)                     ; 24576       ; 0            ; 0       ; 0         ; 0    ; 0            ; |main|buffer_ram_dp:RAM                                                     ; buffer_ram_dp   ; work         ;
;       |altsyncram:ram_rtl_0|              ; 0 (0)               ; 0 (0)                     ; 24576       ; 0            ; 0       ; 0         ; 0    ; 0            ; |main|buffer_ram_dp:RAM|altsyncram:ram_rtl_0                                ; altsyncram      ; work         ;
;          |altsyncram_3jm1:auto_generated| ; 0 (0)               ; 0 (0)                     ; 24576       ; 0            ; 0       ; 0         ; 0    ; 0            ; |main|buffer_ram_dp:RAM|altsyncram:ram_rtl_0|altsyncram_3jm1:auto_generated ; altsyncram_3jm1 ; work         ;
;    |color_finder:UU2|                     ; 1070 (1070)         ; 135 (135)                 ; 0           ; 0            ; 0       ; 0         ; 0    ; 0            ; |main|color_finder:UU2                                                      ; color_finder    ; work         ;
;    |image_sender:im_send|                 ; 100 (62)            ; 53 (30)                   ; 0           ; 0            ; 0       ; 0         ; 0    ; 0            ; |main|image_sender:im_send                                                  ; image_sender    ; work         ;
;       |uart_tx:image_sender|              ; 38 (38)             ; 23 (23)                   ; 0           ; 0            ; 0       ; 0         ; 0    ; 0            ; |main|image_sender:im_send|uart_tx:image_sender                             ; uart_tx         ; work         ;
;    |pclk_driver:driver|                   ; 1 (1)               ; 2 (2)                     ; 0           ; 0            ; 0       ; 0         ; 0    ; 0            ; |main|pclk_driver:driver                                                    ; pclk_driver     ; work         ;
;    |pixel_catcher:UU1|                    ; 38 (38)             ; 26 (26)                   ; 0           ; 0            ; 0       ; 0         ; 0    ; 0            ; |main|pixel_catcher:UU1                                                     ; pixel_catcher   ; work         ;
+-------------------------------------------+---------------------+---------------------------+-------------+--------------+---------+-----------+------+--------------+-----------------------------------------------------------------------------+-----------------+--------------+
Note: For table entries with two numbers listed, the numbers in parentheses indicate the number of resources of the given type used by the specific entity alone. The numbers listed outside of parentheses indicate the total resources of the given type used by the specific entity and all of its sub-entities in the hierarchy.


+------------------------------------------------------------------------------------------------------------------------------------------------------------------------------------------------------------------------------------+
; Analysis & Synthesis RAM Summary                                                                                                                                                                                                   ;
+----------------------------------------------------------------------------------+------+------------------+--------------+--------------+--------------+--------------+-------+---------------------------------------------------+
; Name                                                                             ; Type ; Mode             ; Port A Depth ; Port A Width ; Port B Depth ; Port B Width ; Size  ; MIF                                               ;
+----------------------------------------------------------------------------------+------+------------------+--------------+--------------+--------------+--------------+-------+---------------------------------------------------+
; buffer_ram_dp:RAM|altsyncram:ram_rtl_0|altsyncram_3jm1:auto_generated|ALTSYNCRAM ; AUTO ; Simple Dual Port ; 8192         ; 3            ; 8192         ; 3            ; 24576 ; db/Camara_mix.ram0_buffer_ram_dp_2b4b4f06.hdl.mif ;
+----------------------------------------------------------------------------------+------+------------------+--------------+--------------+--------------+--------------+-------+---------------------------------------------------+


Encoding Type:  One-Hot
+------------------------------------------------------------------------------------------------------------------------------------------------+
; State Machine - |main|arduinoUART:arUART|uart_tx:uart|r_SM_Main                                                                                ;
+--------------------------+-------------------------+--------------------------+--------------------------+---------------+---------------------+
; Name                     ; r_SM_Main.s_TX_STOP_BIT ; r_SM_Main.s_TX_DATA_BITS ; r_SM_Main.s_TX_START_BIT ; r_SM_Main.000 ; r_SM_Main.s_CLEANUP ;
+--------------------------+-------------------------+--------------------------+--------------------------+---------------+---------------------+
; r_SM_Main.000            ; 0                       ; 0                        ; 0                        ; 0             ; 0                   ;
; r_SM_Main.s_TX_START_BIT ; 0                       ; 0                        ; 1                        ; 1             ; 0                   ;
; r_SM_Main.s_TX_DATA_BITS ; 0                       ; 1                        ; 0                        ; 1             ; 0                   ;
; r_SM_Main.s_TX_STOP_BIT  ; 1                       ; 0                        ; 0                        ; 1             ; 0                   ;
; r_SM_Main.s_CLEANUP      ; 0                       ; 0                        ; 0                        ; 1             ; 1                   ;
+--------------------------+-------------------------+--------------------------+--------------------------+---------------+---------------------+


Encoding Type:  One-Hot
+-----------------------------------------------------------------------------------------------------------------------------------------------------------+
; State Machine - |main|image_sender:im_send|state                                                                                                          ;
+-----------------------+-----------------+--------------+---------------+---------------+-----------------------+--------------------+---------------------+
; Name                  ; state.END_FRAME ; state.W_DONE ; state.SEND_SB ; state.SEND_FB ; state.READ_PIXEL_DATA ; state.EVALUATE_END ; state.W_BEGIN_FRAME ;
+-----------------------+-----------------+--------------+---------------+---------------+-----------------------+--------------------+---------------------+
; state.W_BEGIN_FRAME   ; 0               ; 0            ; 0             ; 0             ; 0                     ; 0                  ; 0                   ;
; state.EVALUATE_END    ; 0               ; 0            ; 0             ; 0             ; 0                     ; 1                  ; 1                   ;
; state.READ_PIXEL_DATA ; 0               ; 0            ; 0             ; 0             ; 1                     ; 0                  ; 1                   ;
; state.SEND_FB         ; 0               ; 0            ; 0             ; 1             ; 0                     ; 0                  ; 1                   ;
; state.SEND_SB         ; 0               ; 0            ; 1             ; 0             ; 0                     ; 0                  ; 1                   ;
; state.W_DONE          ; 0               ; 1            ; 0             ; 0             ; 0                     ; 0                  ; 1                   ;
; state.END_FRAME       ; 1               ; 0            ; 0             ; 0             ; 0                     ; 0                  ; 1                   ;
+-----------------------+-----------------+--------------+---------------+---------------+-----------------------+--------------------+---------------------+


Encoding Type:  One-Hot
+------------------------------------------------------------------------------------------------------------------------------------------------+
; State Machine - |main|image_sender:im_send|uart_tx:image_sender|r_SM_Main                                                                      ;
+--------------------------+-------------------------+--------------------------+--------------------------+---------------+---------------------+
; Name                     ; r_SM_Main.s_TX_STOP_BIT ; r_SM_Main.s_TX_DATA_BITS ; r_SM_Main.s_TX_START_BIT ; r_SM_Main.000 ; r_SM_Main.s_CLEANUP ;
+--------------------------+-------------------------+--------------------------+--------------------------+---------------+---------------------+
; r_SM_Main.000            ; 0                       ; 0                        ; 0                        ; 0             ; 0                   ;
; r_SM_Main.s_TX_START_BIT ; 0                       ; 0                        ; 1                        ; 1             ; 0                   ;
; r_SM_Main.s_TX_DATA_BITS ; 0                       ; 1                        ; 0                        ; 1             ; 0                   ;
; r_SM_Main.s_TX_STOP_BIT  ; 1                       ; 0                        ; 0                        ; 1             ; 0                   ;
; r_SM_Main.s_CLEANUP      ; 0                       ; 0                        ; 0                        ; 1             ; 1                   ;
+--------------------------+-------------------------+--------------------------+--------------------------+---------------+---------------------+


Encoding Type:  One-Hot
+-------------------------------------------------------------------------------------+
; State Machine - |main|color_finder:UU2|state                                        ;
+--------------------+------------+--------------------+----------------+-------------+
; Name               ; state.WAIT ; state.CHOOSE_COLOR ; state.READ_RGB ; state.BEGIN ;
+--------------------+------------+--------------------+----------------+-------------+
; state.BEGIN        ; 0          ; 0                  ; 0              ; 0           ;
; state.READ_RGB     ; 0          ; 0                  ; 1              ; 1           ;
; state.CHOOSE_COLOR ; 0          ; 1                  ; 0              ; 1           ;
; state.WAIT         ; 1          ; 0                  ; 0              ; 1           ;
+--------------------+------------+--------------------+----------------+-------------+


Encoding Type:  One-Hot
+------------------------------------------------------------------------------------------+
; State Machine - |main|pixel_catcher:UU1|state                                            ;
+-------------------------+-------------+-------------------------+------------------------+
; Name                    ; state.BEGIN ; state.CATCH_SECOND_BYTE ; state.CATCH_FIRST_BYTE ;
+-------------------------+-------------+-------------------------+------------------------+
; state.BEGIN             ; 0           ; 0                       ; 0                      ;
; state.CATCH_FIRST_BYTE  ; 1           ; 0                       ; 1                      ;
; state.CATCH_SECOND_BYTE ; 1           ; 1                       ; 0                      ;
+-------------------------+-------------+-------------------------+------------------------+


+--------------------------------------------------------------------------------------------------------------------------------+
; Registers Removed During Synthesis                                                                                             ;
+-----------------------------------------------------------+--------------------------------------------------------------------+
; Register name                                             ; Reason for Removal                                                 ;
+-----------------------------------------------------------+--------------------------------------------------------------------+
; arduinoUART:arUART|Tx_byte[4..7]                          ; Stuck at GND due to stuck port data_in                             ;
; image_sender:im_send|uart_tx:image_sender|r_Tx_Data[4..7] ; Merged with image_sender:im_send|uart_tx:image_sender|r_Tx_Data[3] ;
; arduinoUART:arUART|uart_tx:uart|r_Tx_Data[5..7]           ; Merged with arduinoUART:arUART|uart_tx:uart|r_Tx_Data[4]           ;
; image_sender:im_send|Tx_byte[4..7]                        ; Merged with image_sender:im_send|Tx_byte[3]                        ;
; image_sender:im_send|pixel_data_aux[3..9,11..15]          ; Merged with image_sender:im_send|pixel_data_aux[10]                ;
; arduinoUART:arUART|uart_tx:uart|r_Tx_Data[4]              ; Stuck at GND due to stuck port data_in                             ;
; arduinoUART:arUART|uart_tx:uart|r_SM_Main~2               ; Lost fanout                                                        ;
; arduinoUART:arUART|uart_tx:uart|r_SM_Main~3               ; Lost fanout                                                        ;
; image_sender:im_send|state~2                              ; Lost fanout                                                        ;
; image_sender:im_send|state~3                              ; Lost fanout                                                        ;
; image_sender:im_send|state~4                              ; Lost fanout                                                        ;
; image_sender:im_send|uart_tx:image_sender|r_SM_Main~2     ; Lost fanout                                                        ;
; image_sender:im_send|uart_tx:image_sender|r_SM_Main~3     ; Lost fanout                                                        ;
; color_finder:UU2|state~2                                  ; Lost fanout                                                        ;
; color_finder:UU2|state~3                                  ; Lost fanout                                                        ;
; Total Number of Removed Registers = 37                    ;                                                                    ;
+-----------------------------------------------------------+--------------------------------------------------------------------+


+----------------------------------------------------------------------------------------------------------+
; Removed Registers Triggering Further Register Optimizations                                              ;
+-------------------------------+---------------------------+----------------------------------------------+
; Register name                 ; Reason for Removal        ; Registers Removed due to This Register       ;
+-------------------------------+---------------------------+----------------------------------------------+
; arduinoUART:arUART|Tx_byte[4] ; Stuck at GND              ; arduinoUART:arUART|uart_tx:uart|r_Tx_Data[4] ;
;                               ; due to stuck port data_in ;                                              ;
+-------------------------------+---------------------------+----------------------------------------------+


+------------------------------------------------------+
; General Register Statistics                          ;
+----------------------------------------------+-------+
; Statistic                                    ; Value ;
+----------------------------------------------+-------+
; Total registers                              ; 250   ;
; Number of registers using Synchronous Clear  ; 209   ;
; Number of registers using Synchronous Load   ; 3     ;
; Number of registers using Asynchronous Clear ; 0     ;
; Number of registers using Asynchronous Load  ; 0     ;
; Number of registers using Clock Enable       ; 54    ;
; Number of registers using Preset             ; 0     ;
+----------------------------------------------+-------+


+--------------------------------------------------+
; Inverted Register Statistics                     ;
+----------------------------------------+---------+
; Inverted Register                      ; Fan out ;
+----------------------------------------+---------+
; color_finder:UU2|color_code[0]         ; 1       ;
; color_finder:UU2|color_code[1]         ; 1       ;
; color_finder:UU2|color_code[2]         ; 1       ;
; Total number of inverted registers = 3 ;         ;
+----------------------------------------+---------+


+-----------------------------------------------------------------------+
; Registers Packed Into Inferred Megafunctions                          ;
+----------------------------------+-----------------------------+------+
; Register Name                    ; Megafunction                ; Type ;
+----------------------------------+-----------------------------+------+
; buffer_ram_dp:RAM|data_out[0..2] ; buffer_ram_dp:RAM|ram_rtl_0 ; RAM  ;
+----------------------------------+-----------------------------+------+


+--------------------------------------------------------------------------------------------------------------------------------------------------------------------------------+
; Multiplexer Restructuring Statistics (Restructuring Performed)                                                                                                                 ;
+--------------------+-----------+---------------+----------------------+------------------------+------------+------------------------------------------------------------------+
; Multiplexer Inputs ; Bus Width ; Baseline Area ; Area if Restructured ; Saving if Restructured ; Registered ; Example Multiplexer Output                                       ;
+--------------------+-----------+---------------+----------------------+------------------------+------------+------------------------------------------------------------------+
; 3:1                ; 4 bits    ; 8 LEs         ; 4 LEs                ; 4 LEs                  ; Yes        ; |main|arduinoUART:arUART|uart_tx:uart|r_Tx_Data[2]               ;
; 3:1                ; 4 bits    ; 8 LEs         ; 4 LEs                ; 4 LEs                  ; Yes        ; |main|image_sender:im_send|uart_tx:image_sender|r_Tx_Data[1]     ;
; 6:1                ; 3 bits    ; 12 LEs        ; 6 LEs                ; 6 LEs                  ; Yes        ; |main|image_sender:im_send|pixel_data_aux[1]                     ;
; 7:1                ; 2 bits    ; 8 LEs         ; 8 LEs                ; 0 LEs                  ; Yes        ; |main|image_sender:im_send|Tx_byte[1]                            ;
; 5:1                ; 13 bits   ; 39 LEs        ; 13 LEs               ; 26 LEs                 ; Yes        ; |main|arduinoUART:arUART|uart_tx:uart|r_Clock_Count[7]           ;
; 5:1                ; 9 bits    ; 27 LEs        ; 9 LEs                ; 18 LEs                 ; Yes        ; |main|image_sender:im_send|uart_tx:image_sender|r_Clock_Count[3] ;
; 6:1                ; 13 bits   ; 52 LEs        ; 13 LEs               ; 39 LEs                 ; Yes        ; |main|pixel_catcher:UU1|addr_cnt[9]                              ;
; 7:1                ; 2 bits    ; 8 LEs         ; 8 LEs                ; 0 LEs                  ; Yes        ; |main|color_finder:UU2|color_code[0]                             ;
; 3:1                ; 2 bits    ; 4 LEs         ; 2 LEs                ; 2 LEs                  ; No         ; |main|image_sender:im_send|state                                 ;
; 3:1                ; 3 bits    ; 6 LEs         ; 6 LEs                ; 0 LEs                  ; No         ; |main|arduinoUART:arUART|uart_tx:uart|r_Bit_Index                ;
; 3:1                ; 3 bits    ; 6 LEs         ; 6 LEs                ; 0 LEs                  ; No         ; |main|image_sender:im_send|uart_tx:image_sender|r_Bit_Index      ;
+--------------------+-----------+---------------+----------------------+------------------------+------------+------------------------------------------------------------------+


+----------------------------------------------------------------------------------------------+
; Source assignments for buffer_ram_dp:RAM|altsyncram:ram_rtl_0|altsyncram_3jm1:auto_generated ;
+---------------------------------+--------------------+------+--------------------------------+
; Assignment                      ; Value              ; From ; To                             ;
+---------------------------------+--------------------+------+--------------------------------+
; OPTIMIZE_POWER_DURING_SYNTHESIS ; NORMAL_COMPILATION ; -    ; -                              ;
+---------------------------------+--------------------+------+--------------------------------+


+-----------------------------------------------------------------+
; Parameter Settings for User Entity Instance: pclk_driver:driver ;
+--------------------+-------+------------------------------------+
; Parameter Name     ; Value ; Type                               ;
+--------------------+-------+------------------------------------+
; DETECT_RISING_EDGE ; 0     ; Unsigned Binary                    ;
; WAIT               ; 1     ; Unsigned Binary                    ;
+--------------------+-------+------------------------------------+
Note: In order to hide this table in the UI and the text report file, please set the "Show Parameter Settings in Synthesis Report" option in "Analysis and Synthesis Settings -> More Settings" to "Off".


+----------------------------------------------------------------+
; Parameter Settings for User Entity Instance: pixel_catcher:UU1 ;
+-------------------+-------+------------------------------------+
; Parameter Name    ; Value ; Type                               ;
+-------------------+-------+------------------------------------+
; BEGIN             ; 0     ; Signed Integer                     ;
; CATCH_FIRST_BYTE  ; 01    ; Unsigned Binary                    ;
; CATCH_SECOND_BYTE ; 10    ; Unsigned Binary                    ;
+-------------------+-------+------------------------------------+
Note: In order to hide this table in the UI and the text report file, please set the "Show Parameter Settings in Synthesis Report" option in "Analysis and Synthesis Settings -> More Settings" to "Off".


+---------------------------------------------------------------+
; Parameter Settings for User Entity Instance: color_finder:UU2 ;
+----------------+-------+--------------------------------------+
; Parameter Name ; Value ; Type                                 ;
+----------------+-------+--------------------------------------+
; BEGIN          ; 0     ; Signed Integer                       ;
; READ_RGB       ; 01    ; Unsigned Binary                      ;
; CHOOSE_COLOR   ; 10    ; Unsigned Binary                      ;
; WAIT           ; 11    ; Unsigned Binary                      ;
; BLACK          ; 000   ; Unsigned Binary                      ;
; BLUE           ; 001   ; Unsigned Binary                      ;
; GREEN          ; 010   ; Unsigned Binary                      ;
; CYAN           ; 011   ; Unsigned Binary                      ;
; RED            ; 100   ; Unsigned Binary                      ;
; VIOLET         ; 101   ; Unsigned Binary                      ;
; YELLOW         ; 110   ; Unsigned Binary                      ;
; WHITE          ; 111   ; Unsigned Binary                      ;
+----------------+-------+--------------------------------------+
Note: In order to hide this table in the UI and the text report file, please set the "Show Parameter Settings in Synthesis Report" option in "Analysis and Synthesis Settings -> More Settings" to "Off".


+----------------------------------------------------------------+
; Parameter Settings for User Entity Instance: buffer_ram_dp:RAM ;
+----------------+-----------------+-----------------------------+
; Parameter Name ; Value           ; Type                        ;
+----------------+-----------------+-----------------------------+
; AW             ; 13              ; Signed Integer              ;
; DW             ; 3               ; Signed Integer              ;
; imageFILE      ; RGBimage111.mem ; String                      ;
+----------------+-----------------+-----------------------------+
Note: In order to hide this table in the UI and the text report file, please set the "Show Parameter Settings in Synthesis Report" option in "Analysis and Synthesis Settings -> More Settings" to "Off".


+-------------------------------------------------------------------+
; Parameter Settings for User Entity Instance: image_sender:im_send ;
+-----------------+-------+-----------------------------------------+
; Parameter Name  ; Value ; Type                                    ;
+-----------------+-------+-----------------------------------------+
; W_BEGIN_FRAME   ; 0     ; Signed Integer                          ;
; EVALUATE_END    ; 1     ; Signed Integer                          ;
; READ_PIXEL_DATA ; 2     ; Signed Integer                          ;
; SEND_FB         ; 3     ; Signed Integer                          ;
; SEND_SB         ; 4     ; Signed Integer                          ;
; W_DONE          ; 5     ; Signed Integer                          ;
; END_FRAME       ; 6     ; Signed Integer                          ;
+-----------------+-------+-----------------------------------------+
Note: In order to hide this table in the UI and the text report file, please set the "Show Parameter Settings in Synthesis Report" option in "Analysis and Synthesis Settings -> More Settings" to "Off".


+----------------------------------------------------------------------------------------+
; Parameter Settings for User Entity Instance: image_sender:im_send|uart_tx:image_sender ;
+----------------+-------+---------------------------------------------------------------+
; Parameter Name ; Value ; Type                                                          ;
+----------------+-------+---------------------------------------------------------------+
; CLKS_PER_BIT   ; 435   ; Signed Integer                                                ;
; N              ; 9     ; Signed Integer                                                ;
; s_IDLE         ; 000   ; Unsigned Binary                                               ;
; s_TX_START_BIT ; 001   ; Unsigned Binary                                               ;
; s_TX_DATA_BITS ; 010   ; Unsigned Binary                                               ;
; s_TX_STOP_BIT  ; 011   ; Unsigned Binary                                               ;
; s_CLEANUP      ; 100   ; Unsigned Binary                                               ;
+----------------+-------+---------------------------------------------------------------+
Note: In order to hide this table in the UI and the text report file, please set the "Show Parameter Settings in Synthesis Report" option in "Analysis and Synthesis Settings -> More Settings" to "Off".


+------------------------------------------------------------------------------+
; Parameter Settings for User Entity Instance: arduinoUART:arUART|uart_tx:uart ;
+----------------+-------+-----------------------------------------------------+
; Parameter Name ; Value ; Type                                                ;
+----------------+-------+-----------------------------------------------------+
; CLKS_PER_BIT   ; 5209  ; Signed Integer                                      ;
; N              ; 13    ; Signed Integer                                      ;
; s_IDLE         ; 000   ; Unsigned Binary                                     ;
; s_TX_START_BIT ; 001   ; Unsigned Binary                                     ;
; s_TX_DATA_BITS ; 010   ; Unsigned Binary                                     ;
; s_TX_STOP_BIT  ; 011   ; Unsigned Binary                                     ;
; s_CLEANUP      ; 100   ; Unsigned Binary                                     ;
+----------------+-------+-----------------------------------------------------+
Note: In order to hide this table in the UI and the text report file, please set the "Show Parameter Settings in Synthesis Report" option in "Analysis and Synthesis Settings -> More Settings" to "Off".


+---------------------------------------------------------------------------------------------------------+
; Parameter Settings for Inferred Entity Instance: buffer_ram_dp:RAM|altsyncram:ram_rtl_0                 ;
+------------------------------------+---------------------------------------------------+----------------+
; Parameter Name                     ; Value                                             ; Type           ;
+------------------------------------+---------------------------------------------------+----------------+
; BYTE_SIZE_BLOCK                    ; 8                                                 ; Untyped        ;
; AUTO_CARRY_CHAINS                  ; ON                                                ; AUTO_CARRY     ;
; IGNORE_CARRY_BUFFERS               ; OFF                                               ; IGNORE_CARRY   ;
; AUTO_CASCADE_CHAINS                ; ON                                                ; AUTO_CASCADE   ;
; IGNORE_CASCADE_BUFFERS             ; OFF                                               ; IGNORE_CASCADE ;
; WIDTH_BYTEENA                      ; 1                                                 ; Untyped        ;
; OPERATION_MODE                     ; DUAL_PORT                                         ; Untyped        ;
; WIDTH_A                            ; 3                                                 ; Untyped        ;
; WIDTHAD_A                          ; 13                                                ; Untyped        ;
; NUMWORDS_A                         ; 8192                                              ; Untyped        ;
; OUTDATA_REG_A                      ; UNREGISTERED                                      ; Untyped        ;
; ADDRESS_ACLR_A                     ; NONE                                              ; Untyped        ;
; OUTDATA_ACLR_A                     ; NONE                                              ; Untyped        ;
; WRCONTROL_ACLR_A                   ; NONE                                              ; Untyped        ;
; INDATA_ACLR_A                      ; NONE                                              ; Untyped        ;
; BYTEENA_ACLR_A                     ; NONE                                              ; Untyped        ;
; WIDTH_B                            ; 3                                                 ; Untyped        ;
; WIDTHAD_B                          ; 13                                                ; Untyped        ;
; NUMWORDS_B                         ; 8192                                              ; Untyped        ;
; INDATA_REG_B                       ; CLOCK1                                            ; Untyped        ;
; WRCONTROL_WRADDRESS_REG_B          ; CLOCK1                                            ; Untyped        ;
; RDCONTROL_REG_B                    ; CLOCK1                                            ; Untyped        ;
; ADDRESS_REG_B                      ; CLOCK0                                            ; Untyped        ;
; OUTDATA_REG_B                      ; UNREGISTERED                                      ; Untyped        ;
; BYTEENA_REG_B                      ; CLOCK1                                            ; Untyped        ;
; INDATA_ACLR_B                      ; NONE                                              ; Untyped        ;
; WRCONTROL_ACLR_B                   ; NONE                                              ; Untyped        ;
; ADDRESS_ACLR_B                     ; NONE                                              ; Untyped        ;
; OUTDATA_ACLR_B                     ; NONE                                              ; Untyped        ;
; RDCONTROL_ACLR_B                   ; NONE                                              ; Untyped        ;
; BYTEENA_ACLR_B                     ; NONE                                              ; Untyped        ;
; WIDTH_BYTEENA_A                    ; 1                                                 ; Untyped        ;
; WIDTH_BYTEENA_B                    ; 1                                                 ; Untyped        ;
; RAM_BLOCK_TYPE                     ; AUTO                                              ; Untyped        ;
; BYTE_SIZE                          ; 8                                                 ; Untyped        ;
; READ_DURING_WRITE_MODE_MIXED_PORTS ; OLD_DATA                                          ; Untyped        ;
; READ_DURING_WRITE_MODE_PORT_A      ; NEW_DATA_NO_NBE_READ                              ; Untyped        ;
; READ_DURING_WRITE_MODE_PORT_B      ; NEW_DATA_NO_NBE_READ                              ; Untyped        ;
; INIT_FILE                          ; db/Camara_mix.ram0_buffer_ram_dp_2b4b4f06.hdl.mif ; Untyped        ;
; INIT_FILE_LAYOUT                   ; PORT_A                                            ; Untyped        ;
; MAXIMUM_DEPTH                      ; 0                                                 ; Untyped        ;
; CLOCK_ENABLE_INPUT_A               ; NORMAL                                            ; Untyped        ;
; CLOCK_ENABLE_INPUT_B               ; NORMAL                                            ; Untyped        ;
; CLOCK_ENABLE_OUTPUT_A              ; NORMAL                                            ; Untyped        ;
; CLOCK_ENABLE_OUTPUT_B              ; NORMAL                                            ; Untyped        ;
; CLOCK_ENABLE_CORE_A                ; USE_INPUT_CLKEN                                   ; Untyped        ;
; CLOCK_ENABLE_CORE_B                ; USE_INPUT_CLKEN                                   ; Untyped        ;
; ENABLE_ECC                         ; FALSE                                             ; Untyped        ;
; ECC_PIPELINE_STAGE_ENABLED         ; FALSE                                             ; Untyped        ;
; WIDTH_ECCSTATUS                    ; 3                                                 ; Untyped        ;
; DEVICE_FAMILY                      ; Cyclone IV E                                      ; Untyped        ;
; CBXI_PARAMETER                     ; altsyncram_3jm1                                   ; Untyped        ;
+------------------------------------+---------------------------------------------------+----------------+
Note: In order to hide this table in the UI and the text report file, please set the "Show Parameter Settings in Synthesis Report" option in "Analysis and Synthesis Settings -> More Settings" to "Off".


+------------------------------------------------------------------------------------+
; altsyncram Parameter Settings by Entity Instance                                   ;
+-------------------------------------------+----------------------------------------+
; Name                                      ; Value                                  ;
+-------------------------------------------+----------------------------------------+
; Number of entity instances                ; 1                                      ;
; Entity Instance                           ; buffer_ram_dp:RAM|altsyncram:ram_rtl_0 ;
;     -- OPERATION_MODE                     ; DUAL_PORT                              ;
;     -- WIDTH_A                            ; 3                                      ;
;     -- NUMWORDS_A                         ; 8192                                   ;
;     -- OUTDATA_REG_A                      ; UNREGISTERED                           ;
;     -- WIDTH_B                            ; 3                                      ;
;     -- NUMWORDS_B                         ; 8192                                   ;
;     -- ADDRESS_REG_B                      ; CLOCK0                                 ;
;     -- OUTDATA_REG_B                      ; UNREGISTERED                           ;
;     -- RAM_BLOCK_TYPE                     ; AUTO                                   ;
;     -- READ_DURING_WRITE_MODE_MIXED_PORTS ; OLD_DATA                               ;
+-------------------------------------------+----------------------------------------+


+---------------------------------------------------------------------------------------------------------------------+
; Port Connectivity Checks: "arduinoUART:arUART|uart_tx:uart"                                                         ;
+-----------+--------+----------+-------------------------------------------------------------------------------------+
; Port      ; Type   ; Severity ; Details                                                                             ;
+-----------+--------+----------+-------------------------------------------------------------------------------------+
; o_Tx_Done ; Output ; Info     ; Connected to dangling logic. Logic that only feeds a dangling port will be removed. ;
+-----------+--------+----------+-------------------------------------------------------------------------------------+


+-----------------------------------------------------------------------------------------------------------------------+
; Port Connectivity Checks: "image_sender:im_send|uart_tx:image_sender"                                                 ;
+-------------+--------+----------+-------------------------------------------------------------------------------------+
; Port        ; Type   ; Severity ; Details                                                                             ;
+-------------+--------+----------+-------------------------------------------------------------------------------------+
; o_Tx_Active ; Output ; Info     ; Connected to dangling logic. Logic that only feeds a dangling port will be removed. ;
+-------------+--------+----------+-------------------------------------------------------------------------------------+


+-----------------------------------------------------+
; Post-Synthesis Netlist Statistics for Top Partition ;
+-----------------------+-----------------------------+
; Type                  ; Count                       ;
+-----------------------+-----------------------------+
; boundary_port         ; 20                          ;
; cycloneiii_ff         ; 250                         ;
;     ENA               ; 16                          ;
;     ENA SCLR          ; 38                          ;
;     SCLR              ; 171                         ;
;     SLD               ; 3                           ;
;     plain             ; 22                          ;
; cycloneiii_lcell_comb ; 1256                        ;
;     arith             ; 842                         ;
;         2 data inputs ; 148                         ;
;         3 data inputs ; 694                         ;
;     normal            ; 414                         ;
;         1 data inputs ; 17                          ;
;         2 data inputs ; 84                          ;
;         3 data inputs ; 27                          ;
;         4 data inputs ; 286                         ;
; cycloneiii_ram_block  ; 3                           ;
;                       ;                             ;
; Max LUT depth         ; 6.40                        ;
; Average LUT depth     ; 5.11                        ;
+-----------------------+-----------------------------+


+-------------------------------+
; Elapsed Time Per Partition    ;
+----------------+--------------+
; Partition Name ; Elapsed Time ;
+----------------+--------------+
; Top            ; 00:00:04     ;
+----------------+--------------+


+-------------------------------+
; Analysis & Synthesis Messages ;
+-------------------------------+
Info: *******************************************************************
Info: Running Quartus Prime Analysis & Synthesis
    Info: Version 20.1.1 Build 720 11/11/2020 SJ Lite Edition
    Info: Processing started: Sun Aug 01 18:36:52 2021
Info: Command: quartus_map --read_settings_files=on --write_settings_files=off Camara_mix -c Camara_mix
Warning (18236): Number of processors has not been specified which may cause overloading on shared machines.  Set the global assignment NUM_PARALLEL_PROCESSORS in your QSF to an appropriate value for best performance.
Info (20030): Parallel compilation is enabled and will use 2 of the 2 processors detected
Info (12021): Found 1 design units, including 1 entities, in source file clk_enable.v
    Info (12023): Found entity 1: clk_enable File: C:/Users/LAURA/Documents/7mo sem/Digital II/Proyecto final/Camara_mix/clk_enable.v Line: 1
Info (12021): Found 1 design units, including 1 entities, in source file uart_tx.v
    Info (12023): Found entity 1: uart_tx File: C:/Users/LAURA/Documents/7mo sem/Digital II/Proyecto final/Camara_mix/uart_tx.v Line: 14
Warning (10229): Verilog HDL Expression warning at testbench.v(79): truncated literal to match 14 bits File: C:/Users/LAURA/Documents/7mo sem/Digital II/Proyecto final/Camara_mix/testbench.v Line: 79
Warning (10229): Verilog HDL Expression warning at testbench.v(107): truncated literal to match 5 bits File: C:/Users/LAURA/Documents/7mo sem/Digital II/Proyecto final/Camara_mix/testbench.v Line: 107
Info (12021): Found 1 design units, including 1 entities, in source file testbench.v
    Info (12023): Found entity 1: testbench File: C:/Users/LAURA/Documents/7mo sem/Digital II/Proyecto final/Camara_mix/testbench.v Line: 2
Info (12021): Found 1 design units, including 1 entities, in source file pixel_catcher.v
    Info (12023): Found entity 1: pixel_catcher File: C:/Users/LAURA/Documents/7mo sem/Digital II/Proyecto final/Camara_mix/pixel_catcher.v Line: 1
Info (12021): Found 1 design units, including 1 entities, in source file pclk_driver.v
    Info (12023): Found entity 1: pclk_driver File: C:/Users/LAURA/Documents/7mo sem/Digital II/Proyecto final/Camara_mix/pclk_driver.v Line: 2
Info (12021): Found 1 design units, including 1 entities, in source file main.v
    Info (12023): Found entity 1: main File: C:/Users/LAURA/Documents/7mo sem/Digital II/Proyecto final/Camara_mix/main.v Line: 1
Info (12021): Found 1 design units, including 1 entities, in source file color_finder.v
    Info (12023): Found entity 1: color_finder File: C:/Users/LAURA/Documents/7mo sem/Digital II/Proyecto final/Camara_mix/color_finder.v Line: 1
Info (12021): Found 1 design units, including 1 entities, in source file buffer_ram_dp.v
    Info (12023): Found entity 1: buffer_ram_dp File: C:/Users/LAURA/Documents/7mo sem/Digital II/Proyecto final/Camara_mix/buffer_ram_dp.v Line: 19
Info (12021): Found 1 design units, including 1 entities, in source file arduinouart.v
    Info (12023): Found entity 1: arduinoUART File: C:/Users/LAURA/Documents/7mo sem/Digital II/Proyecto final/Camara_mix/arduinoUART.v Line: 3
Info (12021): Found 1 design units, including 1 entities, in source file image_sender.v
    Info (12023): Found entity 1: image_sender File: C:/Users/LAURA/Documents/7mo sem/Digital II/Proyecto final/Camara_mix/image_sender.v Line: 1
Info (12127): Elaborating entity "main" for the top level hierarchy
Info (12128): Elaborating entity "pclk_driver" for hierarchy "pclk_driver:driver" File: C:/Users/LAURA/Documents/7mo sem/Digital II/Proyecto final/Camara_mix/main.v Line: 21
Info (12128): Elaborating entity "pixel_catcher" for hierarchy "pixel_catcher:UU1" File: C:/Users/LAURA/Documents/7mo sem/Digital II/Proyecto final/Camara_mix/main.v Line: 33
Info (12128): Elaborating entity "color_finder" for hierarchy "color_finder:UU2" File: C:/Users/LAURA/Documents/7mo sem/Digital II/Proyecto final/Camara_mix/main.v Line: 41
Info (12128): Elaborating entity "buffer_ram_dp" for hierarchy "buffer_ram_dp:RAM" File: C:/Users/LAURA/Documents/7mo sem/Digital II/Proyecto final/Camara_mix/main.v Line: 49
Info (12128): Elaborating entity "image_sender" for hierarchy "image_sender:im_send" File: C:/Users/LAURA/Documents/7mo sem/Digital II/Proyecto final/Camara_mix/main.v Line: 57
Info (12128): Elaborating entity "uart_tx" for hierarchy "image_sender:im_send|uart_tx:image_sender" File: C:/Users/LAURA/Documents/7mo sem/Digital II/Proyecto final/Camara_mix/image_sender.v Line: 30
Info (12128): Elaborating entity "arduinoUART" for hierarchy "arduinoUART:arUART" File: C:/Users/LAURA/Documents/7mo sem/Digital II/Proyecto final/Camara_mix/main.v Line: 63
Info (12128): Elaborating entity "uart_tx" for hierarchy "arduinoUART:arUART|uart_tx:uart" File: C:/Users/LAURA/Documents/7mo sem/Digital II/Proyecto final/Camara_mix/arduinoUART.v Line: 17
Info (19000): Inferred 1 megafunctions from design logic
    Info (276029): Inferred altsyncram megafunction from the following design logic: "buffer_ram_dp:RAM|ram_rtl_0" 
        Info (286033): Parameter OPERATION_MODE set to DUAL_PORT
        Info (286033): Parameter WIDTH_A set to 3
        Info (286033): Parameter WIDTHAD_A set to 13
        Info (286033): Parameter NUMWORDS_A set to 8192
        Info (286033): Parameter WIDTH_B set to 3
        Info (286033): Parameter WIDTHAD_B set to 13
        Info (286033): Parameter NUMWORDS_B set to 8192
        Info (286033): Parameter ADDRESS_ACLR_A set to NONE
        Info (286033): Parameter OUTDATA_REG_B set to UNREGISTERED
        Info (286033): Parameter ADDRESS_ACLR_B set to NONE
        Info (286033): Parameter OUTDATA_ACLR_B set to NONE
        Info (286033): Parameter ADDRESS_REG_B set to CLOCK0
        Info (286033): Parameter INDATA_ACLR_A set to NONE
        Info (286033): Parameter WRCONTROL_ACLR_A set to NONE
        Info (286033): Parameter INIT_FILE set to db/Camara_mix.ram0_buffer_ram_dp_2b4b4f06.hdl.mif
        Info (286033): Parameter READ_DURING_WRITE_MODE_MIXED_PORTS set to OLD_DATA
Info (12130): Elaborated megafunction instantiation "buffer_ram_dp:RAM|altsyncram:ram_rtl_0"
Info (12133): Instantiated megafunction "buffer_ram_dp:RAM|altsyncram:ram_rtl_0" with the following parameter:
    Info (12134): Parameter "OPERATION_MODE" = "DUAL_PORT"
    Info (12134): Parameter "WIDTH_A" = "3"
    Info (12134): Parameter "WIDTHAD_A" = "13"
    Info (12134): Parameter "NUMWORDS_A" = "8192"
    Info (12134): Parameter "WIDTH_B" = "3"
    Info (12134): Parameter "WIDTHAD_B" = "13"
    Info (12134): Parameter "NUMWORDS_B" = "8192"
    Info (12134): Parameter "ADDRESS_ACLR_A" = "NONE"
    Info (12134): Parameter "OUTDATA_REG_B" = "UNREGISTERED"
    Info (12134): Parameter "ADDRESS_ACLR_B" = "NONE"
    Info (12134): Parameter "OUTDATA_ACLR_B" = "NONE"
    Info (12134): Parameter "ADDRESS_REG_B" = "CLOCK0"
    Info (12134): Parameter "INDATA_ACLR_A" = "NONE"
    Info (12134): Parameter "WRCONTROL_ACLR_A" = "NONE"
    Info (12134): Parameter "INIT_FILE" = "db/Camara_mix.ram0_buffer_ram_dp_2b4b4f06.hdl.mif"
    Info (12134): Parameter "READ_DURING_WRITE_MODE_MIXED_PORTS" = "OLD_DATA"
Info (12021): Found 1 design units, including 1 entities, in source file db/altsyncram_3jm1.tdf
    Info (12023): Found entity 1: altsyncram_3jm1 File: C:/Users/LAURA/Documents/7mo sem/Digital II/Proyecto final/Camara_mix/db/altsyncram_3jm1.tdf Line: 28
Info (286030): Timing-Driven Synthesis is running
Info (17049): 9 registers lost all their fanouts during netlist optimizations.
Info (144001): Generated suppressed messages file C:/Users/LAURA/Documents/7mo sem/Digital II/Proyecto final/Camara_mix/output_files/Camara_mix.map.smsg
Info (16010): Generating hard_block partition "hard_block:auto_generated_inst"
    Info (16011): Adding 0 node(s), including 0 DDIO, 0 PLL, 0 transceiver and 0 LCELL
Warning (21074): Design contains 5 input pin(s) that do not drive logic
    Warning (15610): No output dependent on input pin "camera_data[0]" File: C:/Users/LAURA/Documents/7mo sem/Digital II/Proyecto final/Camara_mix/main.v Line: 1
    Warning (15610): No output dependent on input pin "camera_data[2]" File: C:/Users/LAURA/Documents/7mo sem/Digital II/Proyecto final/Camara_mix/main.v Line: 1
    Warning (15610): No output dependent on input pin "camera_data[3]" File: C:/Users/LAURA/Documents/7mo sem/Digital II/Proyecto final/Camara_mix/main.v Line: 1
    Warning (15610): No output dependent on input pin "camera_data[5]" File: C:/Users/LAURA/Documents/7mo sem/Digital II/Proyecto final/Camara_mix/main.v Line: 1
    Warning (15610): No output dependent on input pin "camera_data[7]" File: C:/Users/LAURA/Documents/7mo sem/Digital II/Proyecto final/Camara_mix/main.v Line: 1
Info (21057): Implemented 1283 device resources after synthesis - the final resource count might be different
    Info (21058): Implemented 14 input pins
    Info (21059): Implemented 6 output pins
    Info (21061): Implemented 1260 logic cells
    Info (21064): Implemented 3 RAM segments
Info: Quartus Prime Analysis & Synthesis was successful. 0 errors, 9 warnings
    Info: Peak virtual memory: 4746 megabytes
    Info: Processing ended: Sun Aug 01 18:37:23 2021
    Info: Elapsed time: 00:00:31
    Info: Total CPU time (on all processors): 00:00:46


+------------------------------------------+
; Analysis & Synthesis Suppressed Messages ;
+------------------------------------------+
The suppressed messages can be found in C:/Users/LAURA/Documents/7mo sem/Digital II/Proyecto final/Camara_mix/output_files/Camara_mix.map.smsg.


